C:\Users\rajan\eclipse-workspace\PortfolioManager1\Authorization\src\main\java\com\portfoliomanager\Authorization\repository\UserRepository.java
C:\Users\rajan\eclipse-workspace\PortfolioManager1\Authorization\src\main\java\com\portfoliomanager\Authorization\entity\User.java
C:\Users\rajan\eclipse-workspace\PortfolioManager1\Authorization\src\main\java\com\portfoliomanager\Authorization\service\CustomUserDetailsService.java
C:\Users\rajan\eclipse-workspace\PortfolioManager1\Authorization\src\main\java\com\portfoliomanager\Authorization\AuthorizationApplication.java
C:\Users\rajan\eclipse-workspace\PortfolioManager1\Authorization\src\main\java\com\portfoliomanager\Authorization\entity\AuthRequest.java
C:\Users\rajan\eclipse-workspace\PortfolioManager1\Authorization\src\main\java\com\portfoliomanager\Authorization\entity\JwtResponse.java
C:\Users\rajan\eclipse-workspace\PortfolioManager1\Authorization\src\main\java\com\portfoliomanager\Authorization\config\SecurityConfig.java
C:\Users\rajan\eclipse-workspace\PortfolioManager1\Authorization\src\main\java\com\portfoliomanager\Authorization\entity\UserDetailWithId.java
C:\Users\rajan\eclipse-workspace\PortfolioManager1\Authorization\src\main\java\com\portfoliomanager\Authorization\filter\JwtFilter.java
C:\Users\rajan\eclipse-workspace\PortfolioManager1\Authorization\src\main\java\com\portfoliomanager\Authorization\util\JwtUtil.java
C:\Users\rajan\eclipse-workspace\PortfolioManager1\Authorization\src\main\java\com\portfoliomanager\Authorization\controller\AuthorizationController.java
